// Vitest Snapshot v1, https://vitest.dev/guide/snapshot.html

exports[`audio fingerprint per preset > 45° V-twin, 2-into-1 1`] = `"a3d30d8f  rms 2.708434e-2 peak 0.092844 nonFinite 0"`;

exports[`audio fingerprint per preset > 90° V-twin, 2-into-2 1`] = `"9bce2bf9  rms 4.669420e-2 peak 0.145255 nonFinite 0"`;

exports[`audio fingerprint per preset > Boxer four 1`] = `"43beba60  rms 1.067912e-1 peak 0.366122 nonFinite 0"`;

exports[`audio fingerprint per preset > Boxer six 1`] = `"4bf70f56  rms 7.301615e-2 peak 0.282276 nonFinite 0"`;

exports[`audio fingerprint per preset > Inline five 1`] = `"073a4587  rms 2.438116e-2 peak 0.086278 nonFinite 0"`;

exports[`audio fingerprint per preset > Inline four 1`] = `"57be38f7  rms 5.818518e-2 peak 0.368027 nonFinite 0"`;

exports[`audio fingerprint per preset > Inline six 1`] = `"66b65e3a  rms 2.197968e-2 peak 0.093905 nonFinite 0"`;

exports[`audio fingerprint per preset > Inline three 1`] = `"56b6655a  rms 6.108623e-2 peak 0.264873 nonFinite 0"`;

exports[`audio fingerprint per preset > Parallel twin, 360° 1`] = `"6480b73a  rms 2.039067e-2 peak 0.078169 nonFinite 0"`;

exports[`audio fingerprint per preset > Single, megaphone 1`] = `"5693747c  rms 4.359630e-2 peak 0.217606 nonFinite 0"`;

exports[`audio fingerprint per preset > V6, 60°, manifold per bank 1`] = `"3d32dc40  rms 7.522354e-2 peak 0.270763 nonFinite 0"`;

exports[`audio fingerprint per preset > V8, Chevrolet LT2 1`] = `"e69de3e6  rms 7.693888e-2 peak 0.268190 nonFinite 0"`;

exports[`audio fingerprint per preset > V8, Chevrolet LT6 1`] = `"ed3adcf1  rms 3.779687e-2 peak 0.112022 nonFinite 0"`;

exports[`audio fingerprint per preset > V8, crossplane, manifold per bank 1`] = `"591f3a31  rms 5.472999e-2 peak 0.168580 nonFinite 0"`;

exports[`audio fingerprint per preset > V8, flatplane, manifold per bank 1`] = `"73bfb0e4  rms 7.052278e-2 peak 0.234925 nonFinite 0"`;

exports[`audio fingerprint per preset > V8, overcammed 1`] = `"06926664  rms 1.011174e-1 peak 0.301953 nonFinite 0"`;
